| GSM855954 | 232587_at                   | 47.5      |
| GSM855955 | 232587_at                   | 17.6      |
| GSM855956 | 232587_at                   | 26.4      |
| GSM855958 | 232587_at                   | 23        |
| GSM855959 | 232587_at                   | 52.4      |
| GSM855960 | 232587_at                   | 7.9       |
| GSM855961 | 232587_at                   | 7.4       |
| GSM855962 | 232587_at                   | 15.9      |
| GSM855963 | 232587_at                   | 11.9      |
| GSM855964 | 232587_at                   | 19.6      |
| GSM855965 | 232587_at                   | 43.6      |
| GSM855942 | 232588_at                   | 38        |
| GSM855943 | 232588_at                   | 2.1       |
| GSM855944 | 232588_at                   | 21.4      |
| GSM855945 | 232588_at                   | 59.3      |
| GSM855947 | 232588_at                   | 12        |
| GSM855957 | 232588_at                   | 18.5      |
| GSM855966 | 232588_at                   | 50.9      |
| GSM855967 | 232588_at                   | 7.5       |
| GSM855968 | 232588_at                   | 13.8      |
| GSM855946 | 232588_at                   | 12.1      |
| GSM855948 | 232588_at                   | 8.8       |
| GSM855949 | 232588_at                   | 29.1      |
| GSM855950 | 232588_at                   | 8.2       |
| GSM855951 | 232588_at                   | 11.8      |
| GSM855952 | 232588_at                   | 13.9      |
| GSM855953 | 232588_at                   | 1.5       |
| GSM855954 | 232588_at                   | 38.4      |
| GSM855955 | 232588_at                   | 28.5      |
| GSM855956 | 232588_at                   | 18.2      |
| GSM855958 | 232588_at                   | 13.7      |
| GSM855959 | 232588_at                   | 65.9      |
| GSM855960 | 232588_at                   | 8         |
| GSM855961 | 232588_at                   | 8.8       |
| GSM855962 | 232588_at                   | 10.6      |
| GSM855963 | 232588_at                   | 8         |
| GSM855964 | 232588_at                   | 14        |
| GSM855965 | 232588_at                   | 23.9      |
| GSM855942 | 232589_at                   | 47.7      |
| GSM855943 | 232589_at                   | 49.8      |
| GSM855944 | 232589_at                   | 81.9      |
| GSM855945 | 232589_at                   | 60.8      |
| GSM855947 | 232589_at                   | 78.1      |
| GSM855957 | 232589_at                   | 100.3     |
| GSM855966 | 232589_at                   | 48.8      |
| GSM855967 | 232589_at                   | 46.9      |
| GSM855968 | 232589_at                   | 28.9      |
| GSM855946 | 232589_at                   | 48.5      |
| GSM855948 | 232589_at                   | 88.3      |
| GSM855949 | 232589_at                   | 47.5      |
| GSM855950 | 232589_at                   | 63.8      |
| GSM855951 | 232589_at                   | 127       |
| GSM855952 | 232589_at                   | 63.6      |
| GSM855953 | 232589_at                   | 64.4      |
| GSM855954 | 232589_at                   | 26        |
| GSM855955 | 232589_at                   | 47.1      |
| GSM855956 | 232589_at                   | 43.8      |
| GSM855958 | 232589_at                   | 40.5      |
| GSM855959 | 232589_at                   | 38.9      |
| GSM855960 | 232589_at                   | 45        |
| GSM855961 | 232589_at                   | 55.6      |
| GSM855962 | 232589_at                   | 84.2      |
| GSM855963 | 232589_at                   | 50.8      |
| GSM855964 | 232589_at                   | 56.8      |
| GSM855965 | 232589_at                   | 43.3      |
| GSM855942 | 232590_at                   | 17.3      |
| GSM855943 | 232590_at                   | 1.8       |
| GSM855944 | 232590_at                   | 13.2      |
| GSM855945 | 232590_at                   | 31.2      |
| GSM855947 | 232590_at                   | 14.2      |
| GSM855957 | 232590_at                   | 67.4      |
| GSM855966 | 232590_at                   | 20.3      |
| GSM855967 | 232590_at                   | 0.9       |
| GSM855968 | 232590_at                   | 27.9      |
| GSM855946 | 232590_at                   | 10.8      |
| GSM855948 | 232590_at                   | 28.9      |
| GSM855949 | 232590_at                   | 9.2       |
| GSM855950 | 232590_at                   | 45.8      |
| GSM855951 | 232590_at                   | 29.1      |
| GSM855952 | 232590_at                   | 18.9      |
| GSM855953 | 232590_at                   | 23.9      |
| GSM855954 | 232590_at                   | 3.2       |
| GSM855955 | 232590_at                   | 11.5      |
| GSM855956 | 232590_at                   | 15.2      |
| GSM855958 | 232590_at                   | 2.1       |
| GSM855959 | 232590_at                   | 11        |
| GSM855960 | 232590_at                   | 14.5      |
| GSM855961 | 232590_at                   | 1         |
| GSM855962 | 232590_at                   | 9         |
| GSM855963 | 232590_at                   | 29.5      |
| GSM855964 | 232590_at                   | 2.1       |
| GSM855965 | 232590_at                   | 1.8       |
| GSM855942 | 232591_s_at                 | 74        |
| GSM855943 | 232591_s_at                 | 55.2      |
| GSM855944 | 232591_s_at                 | 71.5      |
| GSM855945 | 232591_s_at                 | 32.6      |
| GSM855947 | 232591_s_at                 | 73.9      |
| GSM855957 | 232591_s_at                 | 29.7      |
| GSM855966 | 232591_s_at                 | 44.7      |
| GSM855967 | 232591_s_at                 | 114.6     |
| GSM855968 | 232591_s_at                 | 138.5     |
| GSM855946 | 232591_s_at                 | 69.6      |
| GSM855948 | 232591_s_at                 | 129.5     |
| GSM855949 | 232591_s_at                 | 98.9      |
| GSM855950 | 232591_s_at                 | 71.3      |
| GSM855951 | 232591_s_at                 | 48.2      |
| GSM855952 | 232591_s_at                 | 91.7      |
| GSM855953 | 232591_s_at                 | 61.3      |
| GSM855954 | 232591_s_at                 | 71.8      |
| GSM855955 | 232591_s_at                 | 75.7      |
| GSM855956 | 232591_s_at                 | 209.9     |
| GSM855958 | 232591_s_at                 | 110.8     |
| GSM855959 | 232591_s_at                 | 57.1      |
| GSM855960 | 232591_s_at                 | 58.6      |
| GSM855961 | 232591_s_at                 | 55        |
| GSM855962 | 232591_s_at                 | 92.6      |
| GSM855963 | 232591_s_at                 | 99.3      |
| GSM855964 | 232591_s_at                 | 129.8     |
| GSM855965 | 232591_s_at                 | 64.8      |
| GSM855942 | 232592_at                   | 68.3      |
| GSM855943 | 232592_at                   | 119.5     |
| GSM855944 | 232592_at                   | 41.2      |
| GSM855945 | 232592_at                   | 130       |
| GSM855947 | 232592_at                   | 35.3      |
| GSM855957 | 232592_at                   | 106.6     |
| GSM855966 | 232592_at                   | 263.6     |
| GSM855967 | 232592_at                   | 25.2      |
| GSM855968 | 232592_at                   | 34.8      |
| GSM855946 | 232592_at                   | 43.3      |
| GSM855948 | 232592_at                   | 76.8      |
| GSM855949 | 232592_at                   | 22.3      |
| GSM855950 | 232592_at                   | 52.3      |
| GSM855951 | 232592_at                   | 17        |
| GSM855952 | 232592_at                   | 79.2      |
| GSM855953 | 232592_at                   | 83.3      |
| GSM855954 | 232592_at                   | 118.9     |
| GSM855955 | 232592_at                   | 40        |
| GSM855956 | 232592_at                   | 50.7      |
| GSM855958 | 232592_at                   | 49.6      |
| GSM855959 | 232592_at                   | 217.2     |
| GSM855960 | 232592_at                   | 24.8      |
| GSM855961 | 232592_at                   | 68.1      |
| GSM855962 | 232592_at                   | 13.5      |
| GSM855963 | 232592_at                   | 44        |
| GSM855964 | 232592_at                   | 40.3      |
| GSM855965 | 232592_at                   | 111.1     |
| GSM855942 | 232593_at                   | 19.1      |
| GSM855943 | 232593_at                   | 30.1      |
| GSM855944 | 232593_at                   | 13.8      |
| GSM855945 | 232593_at                   | 52.2      |
| GSM855947 | 232593_at                   | 36.3      |
| GSM855957 | 232593_at                   | 20.4      |
| GSM855966 | 232593_at                   | 35.1      |
| GSM855967 | 232593_at                   | 95.2      |
| GSM855968 | 232593_at                   | 32.2      |^C| GSM855968 | 232593_at                   | 32.2      |
Ctrl-C -- sending "KILL QUERY 288" to server ...
Ctrl-C -- query aborted.

+-----------+-----------------------------+-----------+
1428354 rows in set (2.08 sec)

mysql> SELECT experiment_id, source  FROM sample;    
ERROR 1317 (70100): Query execution was interrupted
mysql> SELECT experiment_id, source  FROM samples;
ERROR 1146 (42S02): Table 'fmacfarlane.samples' doesn't exist
mysql> show table;                                
ERROR 1064 (42000): You have an error in your SQL syntax; check the manual that corresponds to your MySQL server version for the right syntax to use near '' at line 1
mysql> show tables;
+-----------------------+
| Tables_in_fmacfarlane |
+-----------------------+
| data4                 |
| expression2           |
| gene                  |
| probe                 |
| sample                |
| sequence              |
+-----------------------+
6 rows in set (0.01 sec)

mysql> SELECT experiment_id, source  FROM TABLE sample;
ERROR 1064 (42000): You have an error in your SQL syntax; check the manual that corresponds to your MySQL server version for the right syntax to use near 'TABLE sample' at line 1
mysql> describe sample;                                                        
+---------------+-------------+------+-----+---------+-------+
| Field         | Type        | Null | Key | Default | Extra |
+---------------+-------------+------+-----+---------+-------+
| experiment_id | varchar(30) | YES  |     | NULL    |       |
| source        | varchar(30) | YES  |     | NULL    |       |
+---------------+-------------+------+-----+---------+-------+
2 rows in set (0.00 sec)

mysql> SELECt experiment_id FROM sample;
+---------------+
| experiment_id |
+---------------+
| GSM855942     |
| GSM855943     |
| GSM855944     |
| GSM855945     |
| GSM855947     |
| GSM855957     |
| GSM855966     |
| GSM855967     |
| GSM855968     |
| GSM855946     |
| GSM855948     |
| GSM855949     |
| GSM855950     |
| GSM855951     |
| GSM855952     |
| GSM855953     |
| GSM855954     |
| GSM855955     |
| GSM855956     |
| GSM855958     |
| GSM855959     |
| GSM855960     |
| GSM855961     |
| GSM855962     |
| GSM855963     |
| GSM855964     |
| GSM855965     |
+---------------+
27 rows in set (0.00 sec)

mysql> ALTER TABLE gene ADD gene_id PRIMARY KEY
    -> ;
ERROR 1064 (42000): You have an error in your SQL syntax; check the manual that corresponds to your MySQL server version for the right syntax to use near 'PRIMARY KEY' at line 1
mysql> ALTER TABLE gene ADD PRIMARY KEY;
ERROR 1064 (42000): You have an error in your SQL syntax; check the manual that corresponds to your MySQL server version for the right syntax to use near '' at line 1
mysql> ALTER TABLE gene ADD gene-id INT AUTO_INCREMENT PRIMARY KEY;
ERROR 1064 (42000): You have an error in your SQL syntax; check the manual that corresponds to your MySQL server version for the right syntax to use near '-id INT AUTO_INCREMENT PRIMARY KEY' at line 1
mysql> ALTER TABLE gene ADD gene_id INT AUTO_INCREMENT PRIMARY KEY;
ERROR 1060 (42S21): Duplicate column name 'gene_id'
mysql> ALTER TABLE gene ADD gene_id INT PRIMARY KEY;
ERROR 1060 (42S21): Duplicate column name 'gene_id'
mysql> ALTER TABLE gene ALTER  gene_id PRIMARY KEY;
ERROR 1064 (42000): You have an error in your SQL syntax; check the manual that corresponds to your MySQL server version for the right syntax to use near 'PRIMARY KEY' at line 1
mysql> ALTER TABLE gene ALTER  gene_id INT PRIMARY KEY;
ERROR 1064 (42000): You have an error in your SQL syntax; check the manual that corresponds to your MySQL server version for the right syntax to use near 'INT PRIMARY KEY' at line 1
mysql> ALTER TABLE gene | ADD PRIMARY KEY
    -> ;
ERROR 1064 (42000): You have an error in your SQL syntax; check the manual that corresponds to your MySQL server version for the right syntax to use near '| ADD PRIMARY KEY' at line 1
mysql> ALTER TABLE gene | ADD gene_id PRIMARY KEY;
ERROR 1064 (42000): You have an error in your SQL syntax; check the manual that corresponds to your MySQL server version for the right syntax to use near '| ADD gene_id PRIMARY KEY' at line 1
mysql> ALTER TABLE gene ADD gene_id INT UNSIGNED NOT NULL AUTO_INCREMENT, ADD PRIMARY KEY (gene_id);
ERROR 1060 (42S21): Duplicate column name 'gene_id'
mysql> ALTER TABLE gene ALTER  gene_id INT UNSIGNED NOT NULL AUTO_INCREMENT, ADD PRIMARY KEY (gene_id);
ERROR 1064 (42000): You have an error in your SQL syntax; check the manual that corresponds to your MySQL server version for the right syntax to use near 'INT UNSIGNED NOT NULL AUTO_INCREMENT, ADD PRIMARY KEY (gene_id)' at line 1
mysql> ALTER TABLE gene DROP PRIMARY KEY;
ERROR 1091 (42000): Can't DROP 'PRIMARY'; check that column/key exists
mysql> ALTER TABLE gene ADD PRIMARY KEY (gene_id);
ERROR 1062 (23000): Duplicate entry 'cytochrome P450, family 2, sub' for key 'PRIMARY'
mysql> ALTER TABLE gene ADD PRIMARY KEY(gene_id);
ERROR 1062 (23000): Duplicate entry 'cytochrome P450, family 2, sub' for key 'PRIMARY'
mysql> describe gene                             
    -> ;
+-------------+-------------+------+-----+---------+-------+
| Field       | Type        | Null | Key | Default | Extra |
+-------------+-------------+------+-----+---------+-------+
| gene_title  | varchar(30) | NO   |     | NULL    |       |
| gene_symbol | varchar(30) | NO   |     | NULL    |       |
| gene_id     | varchar(30) | NO   |     | NULL    |       |
+-------------+-------------+------+-----+---------+-------+
3 rows in set (0.00 sec)

mysql> alter table gene add primary key(gene_id);
ERROR 1062 (23000): Duplicate entry 'cytochrome P450, family 2, sub' for key 'PRIMARY'
mysql> alter table gene add primary key (gene_id);
ERROR 1062 (23000): Duplicate entry 'cytochrome P450, family 2, sub' for key 'PRIMARY'
mysql> ALTER TABLE gene MODIFY gene_id varchar(30)NOT NULL;
Query OK, 0 rows affected (0.01 sec)
Records: 0  Duplicates: 0  Warnings: 0

mysql> describe gene
    -> ;
+-------------+-------------+------+-----+---------+-------+
| Field       | Type        | Null | Key | Default | Extra |
+-------------+-------------+------+-----+---------+-------+
| gene_title  | varchar(30) | NO   |     | NULL    |       |
| gene_symbol | varchar(30) | NO   |     | NULL    |       |
| gene_id     | varchar(30) | NO   |     | NULL    |       |
+-------------+-------------+------+-----+---------+-------+
3 rows in set (0.00 sec)

mysql> ALTER TABLE gene ADD PRIMARY KEY (gene_id);
ERROR 1062 (23000): Duplicate entry 'cytochrome P450, family 2, sub' for key 'PRIMARY'
mysql> describe probe;
+---------+-------------+------+-----+---------+-------+
| Field   | Type        | Null | Key | Default | Extra |
+---------+-------------+------+-----+---------+-------+
| id_ref  | varchar(30) | NO   |     | NULL    |       |
| gene_id | varchar(30) | NO   |     | NULL    |       |
+---------+-------------+------+-----+---------+-------+
2 rows in set (0.00 sec)

mysql> ALTER TABLE probe  ADD PRIMARY KEY (id_ref);
Query OK, 52902 rows affected (1.21 sec)
Records: 52902  Duplicates: 0  Warnings: 0

mysql> describe probe;
+---------+-------------+------+-----+---------+-------+
| Field   | Type        | Null | Key | Default | Extra |
+---------+-------------+------+-----+---------+-------+
| id_ref  | varchar(30) | NO   | PRI | NULL    |       |
| gene_id | varchar(30) | NO   |     | NULL    |       |
+---------+-------------+------+-----+---------+-------+
2 rows in set (0.00 sec)

mysql> describe expression2;                       
+-----------------+-------------+------+-----+---------+-------+
| Field           | Type        | Null | Key | Default | Extra |
+-----------------+-------------+------+-----+---------+-------+
| id_ref          | varchar(30) | YES  |     | NULL    |       |
| gene_expression | varchar(30) | NO   |     | NULL    |       |
| sample_id       | varchar(30) | NO   |     | NULL    |       |
+-----------------+-------------+------+-----+---------+-------+
3 rows in set (0.00 sec)

mysql> ALTER TABLE expression2 MODIFY id_ref varchar(30)NOT NULL;
Query OK, 1428354 rows affected (1.53 sec)
Records: 1428354  Duplicates: 0  Warnings: 0

mysql> describe expression2;
+-----------------+-------------+------+-----+---------+-------+
| Field           | Type        | Null | Key | Default | Extra |
+-----------------+-------------+------+-----+---------+-------+
| id_ref          | varchar(30) | NO   |     | NULL    |       |
| gene_expression | varchar(30) | NO   |     | NULL    |       |
| sample_id       | varchar(30) | NO   |     | NULL    |       |
+-----------------+-------------+------+-----+---------+-------+
3 rows in set (0.01 sec)

mysql> ALTER TABLE expression2 ADD PRIMARY KEY (id_ref);
ERROR 1062 (23000): Duplicate entry 'GSM855942' for key 'PRIMARY'
mysql> ALTER TABLE expression2  ADD PRIMARY KEY (id_ref);
ERROR 1062 (23000): Duplicate entry 'GSM855942' for key 'PRIMARY'
mysql> 
mysql> ALTER TABLE expression2 ADD PRIMARY KEY (id_ref);
ERROR 1062 (23000): Duplicate entry 'GSM855942' for key 'PRIMARY'
mysql> ALTER TABLE expression2 ADD PRIMARY KEY (sample_id);
ERROR 1062 (23000): Duplicate entry '109.1' for key 'PRIMARY'
mysql> describe expression2;
+-----------------+-------------+------+-----+---------+-------+
| Field           | Type        | Null | Key | Default | Extra |
+-----------------+-------------+------+-----+---------+-------+
| id_ref          | varchar(30) | NO   |     | NULL    |       |
| gene_expression | varchar(30) | NO   |     | NULL    |       |
| sample_id       | varchar(30) | NO   |     | NULL    |       |
+-----------------+-------------+------+-----+---------+-------+
3 rows in set (0.01 sec)

mysql> describe sample;
+---------------+-------------+------+-----+---------+-------+
| Field         | Type        | Null | Key | Default | Extra |
+---------------+-------------+------+-----+---------+-------+
| experiment_id | varchar(30) | YES  |     | NULL    |       |
| source        | varchar(30) | YES  |     | NULL    |       |
+---------------+-------------+------+-----+---------+-------+
2 rows in set (0.00 sec)

mysql> ALTER TABLE sample  MODIFY experiment_id varchar(30)NOT NULL;
Query OK, 27 rows affected (0.00 sec)
Records: 27  Duplicates: 0  Warnings: 0

mysql> describe sample;
+---------------+-------------+------+-----+---------+-------+
| Field         | Type        | Null | Key | Default | Extra |
+---------------+-------------+------+-----+---------+-------+
| experiment_id | varchar(30) | NO   |     | NULL    |       |
| source        | varchar(30) | YES  |     | NULL    |       |
+---------------+-------------+------+-----+---------+-------+
2 rows in set (0.00 sec)

mysql> ALTER TABLE sample ADD PRIMARY KEY (experiment_id);
Query OK, 27 rows affected (0.01 sec)
Records: 27  Duplicates: 0  Warnings: 0

mysql> describe sample;
+---------------+-------------+------+-----+---------+-------+
| Field         | Type        | Null | Key | Default | Extra |
+---------------+-------------+------+-----+---------+-------+
| experiment_id | varchar(30) | NO   | PRI | NULL    |       |
| source        | varchar(30) | YES  |     | NULL    |       |
+---------------+-------------+------+-----+---------+-------+
2 rows in set (0.01 sec)

mysql> ALTER TABLE expression2 ADD PRIMARY KEY (sample_id);
ERROR 1062 (23000): Duplicate entry '109.1' for key 'PRIMARY'
mysql> ALTER TABLE expression2 ADD PRIMARY KEY (id_ref);
ERROR 1062 (23000): Duplicate entry 'GSM855942' for key 'PRIMARY'
mysql> describe gene;                                   
+-------------+-------------+------+-----+---------+-------+
| Field       | Type        | Null | Key | Default | Extra |
+-------------+-------------+------+-----+---------+-------+
| gene_title  | varchar(30) | NO   |     | NULL    |       |
| gene_symbol | varchar(30) | NO   |     | NULL    |       |
| gene_id     | varchar(30) | NO   |     | NULL    |       |
+-------------+-------------+------+-----+---------+-------+
3 rows in set (0.00 sec)

mysql> ALTER TABLE gene ADD PRIMARY KEY (gene_id);
ERROR 1062 (23000): Duplicate entry 'cytochrome P450, family 2, sub' for key 'PRIMARY'
mysql> describe expression2;                              
+-----------------+-------------+------+-----+---------+-------+
| Field           | Type        | Null | Key | Default | Extra |
+-----------------+-------------+------+-----+---------+-------+
| id_ref          | varchar(30) | NO   |     | NULL    |       |
| gene_expression | varchar(30) | NO   |     | NULL    |       |
| sample_id       | varchar(30) | NO   |     | NULL    |       |
+-----------------+-------------+------+-----+---------+-------+
3 rows in set (0.00 sec)

mysql> ALTER TABLE expression2 ADD PRIMARY KEY (id_ref);
ERROR 1062 (23000): Duplicate entry 'GSM855942' for key 'PRIMARY'
mysql> ALTER TABLE expression2 ADD PRIMARY KEY (sample_id);
ERROR 1062 (23000): Duplicate entry '109.1' for key 'PRIMARY'
mysql> describe gene;
+-------------+-------------+------+-----+---------+-------+
| Field       | Type        | Null | Key | Default | Extra |
+-------------+-------------+------+-----+---------+-------+
| gene_title  | varchar(30) | NO   |     | NULL    |       |
| gene_symbol | varchar(30) | NO   |     | NULL    |       |
| gene_id     | varchar(30) | NO   |     | NULL    |       |
+-------------+-------------+------+-----+---------+-------+
3 rows in set (0.01 sec)

mysql> ALTER TABLE gene ADD PRIMARY KEY (gene_id);
ERROR 1062 (23000): Duplicate entry 'cytochrome P450, family 2, sub' for key 'PRIMARY'
mysql> ALTER TABLE gene ADD PRIMARY KEY (gene_title);
ERROR 1062 (23000): Duplicate entry '5594' for key 'PRIMARY'
mysql> helpe PRIMARY KEY                             
    -> help PRIMARY KEY;
ERROR 1064 (42000): You have an error in your SQL syntax; check the manual that corresponds to your MySQL server version for the right syntax to use near 'helpe PRIMARY KEY
help PRIMARY KEY' at line 1
mysql>  help PRIMARY KEY;

Nothing found
Please try to run 'help contents' for a list of all accessible topics

mysql> help;

For information about MySQL products and services, visit:
   http://www.mysql.com/
For developer information, including the MySQL Reference Manual, visit:
   http://dev.mysql.com/
To buy MySQL Enterprise support, training, or other products, visit:
   https://shop.mysql.com/

List of all MySQL commands:
Note that all text commands must be first on line and end with ';'
?         (\?) Synonym for `help'.
clear     (\c) Clear the current input statement.
connect   (\r) Reconnect to the server. Optional arguments are db and host.
delimiter (\d) Set statement delimiter.
edit      (\e) Edit command with $EDITOR.
ego       (\G) Send command to mysql server, display result vertically.
exit      (\q) Exit mysql. Same as quit.
go        (\g) Send command to mysql server.
help      (\h) Display this help.
nopager   (\n) Disable pager, print to stdout.
notee     (\t) Don't write into outfile.
pager     (\P) Set PAGER [to_pager]. Print the query results via PAGER.
print     (\p) Print current command.
prompt    (\R) Change your mysql prompt.
quit      (\q) Quit mysql.
rehash    (\#) Rebuild completion hash.
source    (\.) Execute an SQL script file. Takes a file name as an argument.
status    (\s) Get status information from the server.
system    (\!) Execute a system shell command.
tee       (\T) Set outfile [to_outfile]. Append everything into given outfile.
use       (\u) Use another database. Takes database name as argument.
charset   (\C) Switch to another charset. Might be needed for processing binlog with multi-byte charsets.
warnings  (\W) Show warnings after every statement.
nowarning (\w) Don't show warnings after every statement.

For server side help, type 'help contents'

mysql> ALTER TABLE expression2 ADD FOREIGN KEY (sample_id);
ERROR 1064 (42000): You have an error in your SQL syntax; check the manual that corresponds to your MySQL server version for the right syntax to use near '' at line 1
mysql>                                    
